
7. Printing statistics.

=== alu ===

   Number of wires:                361
   Number of wire bits:            388
   Number of public wires:           8
   Number of public wire bits:      35
   Number of memories:               0
   Number of memory bits:            0
   Number of processes:              0
   Number of cells:                364
     sky130_fd_sc_hd__a211o_1        1
     sky130_fd_sc_hd__a211oi_1       3
     sky130_fd_sc_hd__a21boi_0       1
     sky130_fd_sc_hd__a21o_1         2
     sky130_fd_sc_hd__a21oi_1       15
     sky130_fd_sc_hd__a221oi_1       8
     sky130_fd_sc_hd__a22o_1         1
     sky130_fd_sc_hd__a22oi_1        4
     sky130_fd_sc_hd__a31o_1         2
     sky130_fd_sc_hd__a31oi_1        4
     sky130_fd_sc_hd__and2_0        14
     sky130_fd_sc_hd__and4_1         1
     sky130_fd_sc_hd__clkinv_1       5
     sky130_fd_sc_hd__dfrtp_1       11
     sky130_fd_sc_hd__lpflow_inputiso1p_1      3
     sky130_fd_sc_hd__lpflow_isobufsrc_1      9
     sky130_fd_sc_hd__maj3_1        22
     sky130_fd_sc_hd__mux2_1         6
     sky130_fd_sc_hd__mux2i_1        2
     sky130_fd_sc_hd__nand2_1       68
     sky130_fd_sc_hd__nand2b_1       8
     sky130_fd_sc_hd__nand3_1        8
     sky130_fd_sc_hd__nand4_1        3
     sky130_fd_sc_hd__nor2_1        39
     sky130_fd_sc_hd__nor3_1         7
     sky130_fd_sc_hd__nor3b_1        3
     sky130_fd_sc_hd__nor4b_1        2
     sky130_fd_sc_hd__o2111ai_1      3
     sky130_fd_sc_hd__o211ai_1       7
     sky130_fd_sc_hd__o21a_1         3
     sky130_fd_sc_hd__o21ai_0       18
     sky130_fd_sc_hd__o221ai_1       2
     sky130_fd_sc_hd__o22ai_1        4
     sky130_fd_sc_hd__o31ai_1        3
     sky130_fd_sc_hd__o32ai_1        1
     sky130_fd_sc_hd__o41ai_1        1
     sky130_fd_sc_hd__or3_1          3
     sky130_fd_sc_hd__or4_1          3
     sky130_fd_sc_hd__or4b_1         1
     sky130_fd_sc_hd__xnor2_1       17
     sky130_fd_sc_hd__xnor3_1       11
     sky130_fd_sc_hd__xor2_1        29
     sky130_fd_sc_hd__xor3_1         6

   Chip area for module '\alu': 2757.644800

