Startpoint: op[1] (input port clocked by clk)
Endpoint: _706_ (rising edge-triggered flip-flop clocked by clk)
Path Group: clk
Path Type: max

  Delay    Time   Description
---------------------------------------------------------
   0.00    0.00   clock clk (rise edge)
   0.00    0.00   clock network delay (ideal)
   2.00    2.00 v input external delay
   0.06    2.06 v op[1] (in)
   0.63    2.69 v _500_/X (sky130_fd_sc_hd__or4b_1)
   0.12    2.81 ^ _518_/Y (sky130_fd_sc_hd__nand2_1)
   0.08    2.90 v _519_/X (sky130_fd_sc_hd__xor2_1)
   0.36    3.26 v _523_/X (sky130_fd_sc_hd__maj3_1)
   0.39    3.65 v _524_/X (sky130_fd_sc_hd__maj3_1)
   0.39    4.04 v _525_/X (sky130_fd_sc_hd__maj3_1)
   0.39    4.43 v _527_/X (sky130_fd_sc_hd__maj3_1)
   0.39    4.82 v _528_/X (sky130_fd_sc_hd__maj3_1)
   0.39    5.21 v _529_/X (sky130_fd_sc_hd__maj3_1)
   0.37    5.58 v _530_/X (sky130_fd_sc_hd__maj3_1)
   0.15    5.73 ^ _532_/Y (sky130_fd_sc_hd__xnor2_1)
   0.08    5.81 v _533_/Y (sky130_fd_sc_hd__o32ai_1)
   0.28    6.09 v _534_/X (sky130_fd_sc_hd__mux2_1)
   0.00    6.09 v _706_/D (sky130_fd_sc_hd__dfrtp_1)
           6.09   data arrival time

  10.00   10.00   clock clk (rise edge)
   0.00   10.00   clock network delay (ideal)
   0.00   10.00   clock reconvergence pessimism
          10.00 ^ _706_/CLK (sky130_fd_sc_hd__dfrtp_1)
  -0.13    9.87   library setup time
           9.87   data required time
---------------------------------------------------------
           9.87   data required time
          -6.09   data arrival time
---------------------------------------------------------
           3.78   slack (MET)


