Startpoint: _711_ (rising edge-triggered flip-flop clocked by clk)
Endpoint: _711_ (rising edge-triggered flip-flop clocked by clk)
Path Group: clk
Path Type: min

  Delay    Time   Description
---------------------------------------------------------
   0.00    0.00   clock clk (rise edge)
   0.00    0.00   clock network delay (ideal)
   0.00    0.00 ^ _711_/CLK (sky130_fd_sc_hd__dfrtp_1)
   0.53    0.53 v _711_/Q (sky130_fd_sc_hd__dfrtp_1)
   0.09    0.62 ^ _355_/Y (sky130_fd_sc_hd__clkinv_1)
   0.06    0.68 v _700_/Y (sky130_fd_sc_hd__mux2i_1)
   0.00    0.68 v _711_/D (sky130_fd_sc_hd__dfrtp_1)
           0.68   data arrival time

   0.00    0.00   clock clk (rise edge)
   0.00    0.00   clock network delay (ideal)
   0.00    0.00   clock reconvergence pessimism
           0.00 ^ _711_/CLK (sky130_fd_sc_hd__dfrtp_1)
  -0.05   -0.05   library hold time
          -0.05   data required time
---------------------------------------------------------
          -0.05   data required time
          -0.68   data arrival time
---------------------------------------------------------
           0.74   slack (MET)


